<?xml version="1.0" encoding="utf-8" ?><entry><topics></topics><dictionaryCode>english</dictionaryCode><entryLabel>legitim</entryLabel><entryContent>&lt;div class=&quot;entry_container&quot;&gt;&lt;div class=&quot;entry lang_en-gb&quot; id=&quot;legitim_1&quot;&gt;&lt;span class=&quot;inline&quot;&gt;&lt;h1 class=&quot;hwd&quot;&gt;legitim&lt;/h1&gt;&lt;span&gt; (&lt;/span&gt;&lt;span class=&quot;pron&quot; type=&quot;&quot;&gt;ˈlɛdʒɪtɪm&lt;/span&gt;&lt;span&gt;)&lt;/span&gt;&lt;/span&gt;&lt;div class=&quot;hom&quot; id=&quot;legitim_1.1&quot;&gt;&lt;span class=&quot;gramGrp&quot;&gt;&lt;span&gt;   &lt;/span&gt;&lt;span class=&quot;pos&quot;&gt;noun&lt;/span&gt;&lt;/span&gt;&lt;div class=&quot;sense&quot;&gt;&lt;span&gt;     &lt;/span&gt;&lt;span class=&quot;lbl&quot;&gt;Scots law&lt;/span&gt;&lt;span&gt; &lt;/span&gt;&lt;span class=&quot;def&quot;&gt;the part of a person's moveable estate that is inherited by his or her children on that person's death&lt;/span&gt;&lt;/div&gt;&lt;!-- End of DIV sense--&gt;&lt;/div&gt;&lt;!-- End of DIV hom--&gt;&lt;/div&gt;&lt;!-- End of DIV entry lang_en-gb--&gt;&lt;/div&gt;&lt;!-- End of DIV entry_container--&gt;
</entryContent><entryUrl>http://localhost/api/v1/dictionaries/english/entries/legitim_1</entryUrl><format>html</format><entryId>legitim_1</entryId></entry>
