<?xml version="1.0" encoding="utf-8" ?><entry><topics></topics><dictionaryCode>english</dictionaryCode><entryContent>&lt;?xml version=&quot;1.0&quot; encoding=&quot;utf-8&quot;?&gt;
&lt;entry id=&quot;legitim_1&quot; lang=&quot;en-gb&quot; idm_id=&quot;000092803&quot;&gt;&lt;form&gt;&lt;orth&gt;legitim&lt;/orth&gt;&lt;span&gt; (&lt;/span&gt;&lt;pron type=&quot;&quot;&gt;ˈlɛdʒɪtɪm&lt;/pron&gt;&lt;span&gt;)&lt;/span&gt;&lt;/form&gt;&lt;hom id=&quot;legitim_1.1&quot;&gt;&lt;gramGrp&gt;&lt;span&gt;   &lt;/span&gt;&lt;pos&gt;noun&lt;/pos&gt;&lt;/gramGrp&gt;&lt;sense&gt;&lt;span&gt;     &lt;/span&gt;&lt;lbl type=&quot;subj&quot;&gt;Scots law&lt;/lbl&gt;&lt;span&gt; &lt;/span&gt;&lt;def&gt;the part of a person's moveable estate that is inherited by his or her children on that person's death&lt;/def&gt;&lt;/sense&gt;&lt;/hom&gt;&lt;/entry&gt;
</entryContent><entryLabel>legitim</entryLabel><entryUrl>http://localhost/api/v1/dictionaries/english/entries/legitim_1</entryUrl><format>xml</format><entryId>legitim_1</entryId></entry>
